// Jest Snapshot v1, https://goo.gl/fbAQLP

exports[`Footer rendering test match snapshot 1`] = `undefined`;
